// Jest Snapshot v1, https://goo.gl/fbAQLP

exports[`<IndexDetail /> spec render the component 1`] = `
<div>
  <div
    class="euiPanel euiPanel--paddingMedium euiPanel--borderRadiusMedium euiPanel--plain euiPanel--hasShadow"
  >
    <div
      class="euiFlexGroup euiFlexGroup--gutterLarge euiFlexGroup--alignItemsFlexStart euiFlexGroup--justifyContentSpaceBetween euiFlexGroup--directionRow euiFlexGroup--responsive"
      style="padding: 0px 16px;"
    >
      <h2>
        Source index details
      </h2>
    </div>
    <hr
      class="euiHorizontalRule euiHorizontalRule--full euiHorizontalRule--marginXSmall"
    />
    <div
      style="padding: 0px 16px;"
    >
      <div
        class="euiSpacer euiSpacer--l"
      />
      <div
        class="euiSpacer euiSpacer--l"
      />
    </div>
  </div>
</div>
`;
