// Jest Snapshot v1, https://goo.gl/fbAQLP

exports[`<State /> spec renders the component 1`] = `
<div
  class="euiAccordion"
  style="padding: 15px;"
>
  <div
    class="euiAccordion__triggerWrapper"
  >
    <button
      aria-controls="some_name"
      aria-expanded="false"
      class="euiAccordion__button state-accordion"
      id="some_html_id"
      type="button"
    >
      <span
        class="euiAccordion__iconWrapper"
      >
        EuiIconMock
      </span>
      <span
        class="euiIEFlexWrapFix"
      >
        <div
          class="euiFlexGroup euiFlexGroup--gutterLarge euiFlexGroup--alignItemsCenter euiFlexGroup--justifyContentCenter euiFlexGroup--directionRow euiFlexGroup--responsive"
        >
          <div
            class="euiFlexItem euiFlexItem--flexGrowZero"
          >
            <div
              class="euiText euiText--medium"
            >
              <strong>
                some_name
              </strong>
            </div>
          </div>
          <div
            class="euiFlexItem euiFlexItem--flexGrowZero"
          >
            <div
              class="euiPanel euiPanel--borderRadiusMedium euiPanel--plain euiPanel--hasShadow"
            >
              <div
                class="euiText euiText--extraSmall"
                style="padding: 0px 10px;"
              >
                Initial state
              </div>
            </div>
          </div>
          <div
            class="euiFlexItem euiFlexItem--flexGrowZero"
          >
            <div
              class="euiText euiText--extraSmall"
            >
              <div
                class="euiTextAlign euiTextAlign--center"
              >
                <span
                  class="euiTextColor euiTextColor--subdued"
                >
                  <p>
                    Actions
                     
                    <span
                      class="euiNotificationBadge euiNotificationBadge--subdued"
                    >
                      3
                    </span>
                  </p>
                </span>
              </div>
            </div>
          </div>
          <div
            class="euiFlexItem euiFlexItem--flexGrowZero"
          >
            <div
              class="euiText euiText--extraSmall"
            >
              <div
                class="euiTextAlign euiTextAlign--center"
              >
                <span
                  class="euiTextColor euiTextColor--subdued"
                >
                  <p>
                    Transitions
                     
                    <span
                      class="euiNotificationBadge euiNotificationBadge--subdued"
                    >
                      1
                    </span>
                  </p>
                </span>
              </div>
            </div>
          </div>
        </div>
      </span>
    </button>
    <div
      class="euiAccordion__optionalAction"
    >
      <div
        class="euiFlexGroup euiFlexGroup--gutterMedium euiFlexGroup--directionRow euiFlexGroup--responsive"
      >
        <div
          class="euiFlexItem euiFlexItem--flexGrowZero"
        >
          <span
            class="euiToolTipAnchor"
          >
            <button
              aria-label="Delete"
              class="euiButtonIcon euiButtonIcon--danger euiButtonIcon--empty euiButtonIcon--small"
              data-test-subj="state-delete-button"
              type="button"
            >
              EuiIconMock
            </button>
          </span>
        </div>
        <div
          class="euiFlexItem euiFlexItem--flexGrowZero"
        >
          <span
            class="euiToolTipAnchor"
          >
            <button
              aria-label="Edit"
              class="euiButtonIcon euiButtonIcon--primary euiButtonIcon--empty euiButtonIcon--small"
              type="button"
            >
              EuiIconMock
            </button>
          </span>
        </div>
      </div>
    </div>
  </div>
  <div
    aria-labelledby="some_html_id"
    class="euiAccordion__childWrapper"
    id="some_name"
    role="region"
    tabindex="-1"
  >
    <div>
      <div
        class="euiAccordion__padding--l"
      >
        <div
          class="euiFlexGroup euiFlexGroup--gutterLarge euiFlexGroup--directionColumn euiFlexGroup--responsive"
        >
          <div
            class="euiFlexItem euiFlexItem--flexGrowZero"
          >
            <div
              class="euiText euiText--medium"
            >
              <h5>
                Actions
              </h5>
            </div>
          </div>
          <div
            class="euiFlexItem"
          >
            <div
              class="euiFlexGroup euiFlexGroup--gutterLarge euiFlexGroup--directionRow euiFlexGroup--responsive euiFlexGroup--wrap"
            >
              <div
                class="euiFlexItem euiFlexItem--flexGrowZero"
              >
                <div
                  class="euiPanel euiPanel--paddingSmall euiPanel--borderRadiusMedium euiPanel--plain euiPanel--hasShadow"
                >
                  <div
                    class="euiText euiText--small"
                  >
                    Close
                  </div>
                </div>
              </div>
              <div
                class="euiFlexItem euiFlexItem--flexGrowZero"
              >
                <div
                  class="euiPanel euiPanel--paddingSmall euiPanel--borderRadiusMedium euiPanel--plain euiPanel--hasShadow"
                >
                  <div
                    class="euiText euiText--small"
                  >
                    Open
                  </div>
                </div>
              </div>
              <div
                class="euiFlexItem euiFlexItem--flexGrowZero"
              >
                <div
                  class="euiPanel euiPanel--paddingSmall euiPanel--borderRadiusMedium euiPanel--plain euiPanel--hasShadow"
                >
                  <div
                    class="euiText euiText--small"
                  >
                    Delete
                  </div>
                </div>
              </div>
            </div>
          </div>
          <div
            class="euiFlexItem euiFlexItem--flexGrowZero"
          >
            <div
              class="euiText euiText--medium"
            >
              <h5>
                Transitions
              </h5>
            </div>
          </div>
          <div
            class="euiFlexItem"
          >
            <div
              class="euiFlexGroup euiFlexGroup--gutterLarge euiFlexGroup--directionRow euiFlexGroup--responsive euiFlexGroup--wrap"
            >
              <div
                class="euiFlexItem euiFlexItem--flexGrowZero"
              >
                <div
                  class="euiPanel euiPanel--paddingSmall euiPanel--borderRadiusMedium euiPanel--plain euiPanel--hasShadow"
                >
                  <div
                    class="euiText euiText--small"
                  >
                    <dl>
                      <dt>
                        Destination state
                      </dt>
                      <dd>
                        elsewhere
                      </dd>
                      <dt>
                        Transition trigger logic
                      </dt>
                      <dd>
                        No condition
                      </dd>
                    </dl>
                  </div>
                </div>
              </div>
            </div>
          </div>
        </div>
      </div>
    </div>
  </div>
</div>
`;
