// Jest Snapshot v1, https://goo.gl/fbAQLP

exports[`<Actions /> spec renders the component 1`] = `
<div>
  <div
    class="euiText euiText--small"
    style="margin-bottom: 5px;"
  >
    <h3
      class="euiFormLabel "
      style="margin-bottom: 2px;"
    >
      Actions
    </h3>
  </div>
  <div
    class="euiText euiText--extraSmall"
    style="margin-bottom: 5px;"
  >
    <p>
       
      <span
        style="font-weight: 300; font-size: 14px;"
      >
        Actions are the operations ISM performs when an index is in a certain state.
         
      </span>
    </p>
  </div>
</div>
`;
