// Jest Snapshot v1, https://goo.gl/fbAQLP

exports[`<Transitions /> spec renders the component 1`] = `
<div>
  <div
    class="euiText euiText--small"
    style="margin-bottom: 5px;"
  >
    <h3
      class="euiFormLabel "
      style="margin-bottom: 2px;"
    >
      Transitions
    </h3>
  </div>
  <div
    class="euiText euiText--extraSmall"
    style="margin-bottom: 5px;"
  >
    <p>
       
      <span
        style="font-weight: 300; font-size: 14px;"
      >
        Transitions define the conditions that need to be met for a state to change. After all actions in the current state are completed, the policy starts checking the conditions for transitions.
         
      </span>
    </p>
  </div>
</div>
`;
